≡ƒº¬ Testing Gemini API...

1∩╕ÅΓâú  Initializing Gemini AI...
   Γ£à Initialized

2∩╕ÅΓâú  Creating model instance (gemini-1.5-pro)...
   Γ£à Model created

3∩╕ÅΓâú  Sending test request...
node : 
At line:1 char:1
+ node test-gemini.js > 
test-output.txt 2>&1; Get-Content 
test-output.t ...
+ ~~~~~~~~~~~~~~~~~~~~~~~~~~~~~~~~~~~~
~~~~~~
    + CategoryInfo          : NotSpec 
   ified: (:String) [], RemoteExcept  
  ion
    + FullyQualifiedErrorId : NativeC 
   ommandError
 
Γ¥î ERROR: [GoogleGenerativeAI 
Error]: Error fetching from https://ge
nerativelanguage.googleapis.com/v1beta
/models/gemini-1.5-pro:generateContent
: [404 Not Found] 
models/gemini-1.5-pro is not found 
for API version v1beta, or is not 
supported for generateContent. Call 
ListModels to see the list of 
available models and their supported 
methods.

≡ƒôï Error Details:
   Type: GoogleGenerativeAIFetchError

≡ƒÆí Solution: Model not available
   Try: gemini-1.5-flash or 
gemini-1.5-pro
